I'm sorry, but errors were detected in your script. Please correct the
errors listed below, and try again.


File "game/choose_route_screen.rpy", line 2: label expects a non-empty block.
    label choose_route:
                       ^

Ren'Py Version: Ren'Py 8.3.2.24090902
Mon Sep 30 16:15:10 2024
